../Core/Src/main.c:96:13:dbg	1
../Core/Src/main.c:102:6:HAL_UART_RxCpltCallback	5
../Core/Src/main.c:118:5:main	1
../Core/Src/main.c:203:6:SystemClock_Config	3
../Core/Src/main.c:225:13:MX_ADC1_Init	3
../Core/Src/main.c:248:13:MX_TIM1_Init	8
../Core/Src/main.c:293:13:MX_TIM4_Init	6
../Core/Src/main.c:323:13:MX_USART2_UART_Init	2
../Core/Src/main.c:336:13:MX_USART6_UART_Init	2
../Core/Src/main.c:349:13:MX_DMA_Init	1
../Core/Src/main.c:356:13:MX_GPIO_Init	1
../Core/Src/main.c:400:6:StartDefaultTask	1
../Core/Src/main.c:419:6:StartTask02	16
../Core/Src/main.c:473:6:StartTask03	2
../Core/Src/main.c:503:6:StartTask04	17
../Core/Src/main.c:618:6:Error_Handler	1
