../Core/Src/main.c:113:13:dbg	1
../Core/Src/main.c:119:6:HAL_UART_RxCpltCallback	5
../Core/Src/main.c:139:5:main	1
../Core/Src/main.c:258:6:SystemClock_Config	3
../Core/Src/main.c:299:13:MX_ADC1_Init	3
../Core/Src/main.c:351:13:MX_TIM1_Init	8
../Core/Src/main.c:430:13:MX_TIM3_Init	5
../Core/Src/main.c:483:13:MX_TIM4_Init	6
../Core/Src/main.c:542:13:MX_USART2_UART_Init	2
../Core/Src/main.c:575:13:MX_USART6_UART_Init	2
../Core/Src/main.c:606:13:MX_DMA_Init	1
../Core/Src/main.c:624:13:MX_GPIO_Init	1
../Core/Src/main.c:688:6:StartDefaultTask	1
../Core/Src/main.c:705:6:StartTask02	19
../Core/Src/main.c:768:6:StartTask03	2
../Core/Src/main.c:809:6:StartTask04	20
../Core/Src/main.c:946:6:Error_Handler	1
